Creating Mealie backup...
Backup created successfully
Latest backup: mealie_2026.01.04.15.00.01.zip
Downloading backup to /media/devyn-myers/25F4-4EDE/mealie-backups/mealie_2026.01.04.15.00.01.zip...
✓ Backup saved successfully: /media/devyn-myers/25F4-4EDE/mealie-backups/mealie_2026.01.04.15.00.01.zip (3.9M)
Cleaning up old backups (keeping last 5)...
Done!
Creating Mealie backup...
Backup created successfully
Latest backup: mealie_2026.01.05.15.00.01.zip
Downloading backup to /media/devyn-myers/25F4-4EDE/mealie-backups/mealie_2026.01.05.15.00.01.zip...
✓ Backup saved successfully: /media/devyn-myers/25F4-4EDE/mealie-backups/mealie_2026.01.05.15.00.01.zip (3.9M)
Cleaning up old backups (keeping last 5)...
Done!
Creating Mealie backup...
Backup created successfully
Latest backup: mealie_2026.01.06.15.00.01.zip
Downloading backup to /media/devyn-myers/25F4-4EDE/mealie-backups/mealie_2026.01.06.15.00.01.zip...
✓ Backup saved successfully: /media/devyn-myers/25F4-4EDE/mealie-backups/mealie_2026.01.06.15.00.01.zip (3.9M)
Cleaning up old backups (keeping last 5)...
Done!
Creating Mealie backup...
Backup created successfully
Latest backup: mealie_2026.01.07.15.00.01.zip
Downloading backup to /media/devyn-myers/25F4-4EDE/mealie-backups/mealie_2026.01.07.15.00.01.zip...
✓ Backup saved successfully: /media/devyn-myers/25F4-4EDE/mealie-backups/mealie_2026.01.07.15.00.01.zip (4.4M)
Cleaning up old backups (keeping last 5)...
Done!
Creating Mealie backup...
Backup created successfully
Latest backup: mealie_2026.01.08.15.00.02.zip
Downloading backup to /media/devyn-myers/25F4-4EDE/mealie-backups/mealie_2026.01.08.15.00.02.zip...
✓ Backup saved successfully: /media/devyn-myers/25F4-4EDE/mealie-backups/mealie_2026.01.08.15.00.02.zip (4.4M)
Cleaning up old backups (keeping last 5)...
Done!
Creating Mealie backup...
Backup created successfully
Latest backup: mealie_2026.01.09.15.00.01.zip
Downloading backup to /media/devyn-myers/25F4-4EDE/mealie-backups/mealie_2026.01.09.15.00.01.zip...
✓ Backup saved successfully: /media/devyn-myers/25F4-4EDE/mealie-backups/mealie_2026.01.09.15.00.01.zip (4.4M)
Cleaning up old backups (keeping last 5)...
Done!
Creating Mealie backup...
Backup created successfully
Latest backup: mealie_2026.01.10.15.00.01.zip
Downloading backup to /media/devyn-myers/25F4-4EDE/mealie-backups/mealie_2026.01.10.15.00.01.zip...
✓ Backup saved successfully: /media/devyn-myers/25F4-4EDE/mealie-backups/mealie_2026.01.10.15.00.01.zip (4.4M)
Cleaning up old backups (keeping last 5)...
Done!
Creating Mealie backup...
Backup created successfully
Latest backup: mealie_2026.01.11.15.00.01.zip
Downloading backup to /media/devyn-myers/25F4-4EDE/mealie-backups/mealie_2026.01.11.15.00.01.zip...
✓ Backup saved successfully: /media/devyn-myers/25F4-4EDE/mealie-backups/mealie_2026.01.11.15.00.01.zip (4.4M)
Cleaning up old backups (keeping last 5)...
Done!
Creating Mealie backup...
Backup created successfully
Latest backup: mealie_2026.01.12.15.00.01.zip
Downloading backup to /media/devyn-myers/25F4-4EDE/mealie-backups/mealie_2026.01.12.15.00.01.zip...
✓ Backup saved successfully: /media/devyn-myers/25F4-4EDE/mealie-backups/mealie_2026.01.12.15.00.01.zip (4.4M)
Cleaning up old backups (keeping last 5)...
Done!
Creating Mealie backup...
Backup created successfully
Latest backup: mealie_2026.01.13.15.00.01.zip
Downloading backup to /media/devyn-myers/25F4-4EDE/mealie-backups/mealie_2026.01.13.15.00.01.zip...
✓ Backup saved successfully: /media/devyn-myers/25F4-4EDE/mealie-backups/mealie_2026.01.13.15.00.01.zip (4.4M)
Cleaning up old backups (keeping last 5)...
Done!
Creating Mealie backup...
Backup created successfully
Latest backup: mealie_2026.01.14.15.00.01.zip
Downloading backup to /media/devyn-myers/25F4-4EDE/mealie-backups/mealie_2026.01.14.15.00.01.zip...
✓ Backup saved successfully: /media/devyn-myers/25F4-4EDE/mealie-backups/mealie_2026.01.14.15.00.01.zip (4.4M)
Cleaning up old backups (keeping last 5)...
Done!
Creating Mealie backup...
Backup created successfully
Latest backup: mealie_2026.01.15.15.00.01.zip
Downloading backup to /media/devyn-myers/25F4-4EDE/mealie-backups/mealie_2026.01.15.15.00.01.zip...
✓ Backup saved successfully: /media/devyn-myers/25F4-4EDE/mealie-backups/mealie_2026.01.15.15.00.01.zip (4.4M)
Cleaning up old backups (keeping last 5)...
Done!
Creating Mealie backup...
Backup created successfully
Latest backup: mealie_2026.01.16.15.00.01.zip
Downloading backup to /media/devyn-myers/25F4-4EDE/mealie-backups/mealie_2026.01.16.15.00.01.zip...
✓ Backup saved successfully: /media/devyn-myers/25F4-4EDE/mealie-backups/mealie_2026.01.16.15.00.01.zip (4.4M)
Cleaning up old backups (keeping last 5)...
Done!
Creating Mealie backup...
Backup created successfully
Latest backup: mealie_2026.01.17.15.00.01.zip
Downloading backup to /media/devyn-myers/25F4-4EDE/mealie-backups/mealie_2026.01.17.15.00.01.zip...
✓ Backup saved successfully: /media/devyn-myers/25F4-4EDE/mealie-backups/mealie_2026.01.17.15.00.01.zip (4.4M)
Cleaning up old backups (keeping last 5)...
Done!
Creating Mealie backup...
Backup created successfully
Latest backup: mealie_2026.01.18.15.00.01.zip
Downloading backup to /media/devyn-myers/25F4-4EDE/mealie-backups/mealie_2026.01.18.15.00.01.zip...
✓ Backup saved successfully: /media/devyn-myers/25F4-4EDE/mealie-backups/mealie_2026.01.18.15.00.01.zip (4.4M)
Cleaning up old backups (keeping last 5)...
Done!
Creating Mealie backup...
Backup created successfully
Latest backup: mealie_2026.01.19.15.00.01.zip
Downloading backup to /media/devyn-myers/25F4-4EDE/mealie-backups/mealie_2026.01.19.15.00.01.zip...
✓ Backup saved successfully: /media/devyn-myers/25F4-4EDE/mealie-backups/mealie_2026.01.19.15.00.01.zip (4.4M)
Cleaning up old backups (keeping last 5)...
Done!
Creating Mealie backup...
Backup created successfully
Latest backup: mealie_2026.01.20.15.00.01.zip
Downloading backup to /media/devyn-myers/25F4-4EDE/mealie-backups/mealie_2026.01.20.15.00.01.zip...
✓ Backup saved successfully: /media/devyn-myers/25F4-4EDE/mealie-backups/mealie_2026.01.20.15.00.01.zip (4.4M)
Cleaning up old backups (keeping last 5)...
Done!
Creating Mealie backup...
Backup created successfully
Latest backup: mealie_2026.01.21.15.00.01.zip
Downloading backup to /media/devyn-myers/25F4-4EDE/mealie-backups/mealie_2026.01.21.15.00.01.zip...
✓ Backup saved successfully: /media/devyn-myers/25F4-4EDE/mealie-backups/mealie_2026.01.21.15.00.01.zip (4.9M)
Cleaning up old backups (keeping last 5)...
Done!
Creating Mealie backup...
Backup created successfully
Latest backup: mealie_2026.01.22.15.00.01.zip
Downloading backup to /media/devyn-myers/25F4-4EDE/mealie-backups/mealie_2026.01.22.15.00.01.zip...
✓ Backup saved successfully: /media/devyn-myers/25F4-4EDE/mealie-backups/mealie_2026.01.22.15.00.01.zip (5.3M)
Cleaning up old backups (keeping last 5)...
Done!
Creating Mealie backup...
Backup created successfully
Latest backup: mealie_2026.01.23.15.00.01.zip
Downloading backup to /media/devyn-myers/25F4-4EDE/mealie-backups/mealie_2026.01.23.15.00.01.zip...
✓ Backup saved successfully: /media/devyn-myers/25F4-4EDE/mealie-backups/mealie_2026.01.23.15.00.01.zip (5.3M)
Cleaning up old backups (keeping last 5)...
Done!
Creating Mealie backup...
Backup created successfully
Latest backup: mealie_2026.01.24.15.00.01.zip
Downloading backup to /media/devyn-myers/25F4-4EDE/mealie-backups/mealie_2026.01.24.15.00.01.zip...
✓ Backup saved successfully: /media/devyn-myers/25F4-4EDE/mealie-backups/mealie_2026.01.24.15.00.01.zip (5.3M)
Cleaning up old backups (keeping last 5)...
Done!
Creating Mealie backup...
Backup created successfully
Latest backup: mealie_2026.01.25.15.00.01.zip
Downloading backup to /media/devyn-myers/25F4-4EDE/mealie-backups/mealie_2026.01.25.15.00.01.zip...
✓ Backup saved successfully: /media/devyn-myers/25F4-4EDE/mealie-backups/mealie_2026.01.25.15.00.01.zip (5.3M)
Cleaning up old backups (keeping last 5)...
Done!
Creating Mealie backup...
Backup created successfully
Latest backup: mealie_2026.01.26.15.00.01.zip
Downloading backup to /media/devyn-myers/25F4-4EDE/mealie-backups/mealie_2026.01.26.15.00.01.zip...
✓ Backup saved successfully: /media/devyn-myers/25F4-4EDE/mealie-backups/mealie_2026.01.26.15.00.01.zip (5.3M)
Cleaning up old backups (keeping last 5)...
Done!
Creating Mealie backup...
Backup created successfully
Latest backup: mealie_2026.01.27.15.00.01.zip
Downloading backup to /media/devyn-myers/25F4-4EDE/mealie-backups/mealie_2026.01.27.15.00.01.zip...
✓ Backup saved successfully: /media/devyn-myers/25F4-4EDE/mealie-backups/mealie_2026.01.27.15.00.01.zip (5.3M)
Cleaning up old backups (keeping last 5)...
Done!
Creating Mealie backup...
Backup created successfully
Latest backup: mealie_2026.01.28.15.00.01.zip
Downloading backup to /media/devyn-myers/25F4-4EDE/mealie-backups/mealie_2026.01.28.15.00.01.zip...
✓ Backup saved successfully: /media/devyn-myers/25F4-4EDE/mealie-backups/mealie_2026.01.28.15.00.01.zip (5.3M)
Cleaning up old backups (keeping last 5)...
Done!
Creating Mealie backup...
Backup created successfully
Latest backup: mealie_2026.01.29.15.00.01.zip
Downloading backup to /media/devyn-myers/25F4-4EDE/mealie-backups/mealie_2026.01.29.15.00.01.zip...
✓ Backup saved successfully: /media/devyn-myers/25F4-4EDE/mealie-backups/mealie_2026.01.29.15.00.01.zip (15M)
Cleaning up old backups (keeping last 5)...
Done!
Creating Mealie backup...
Backup created successfully
Latest backup: mealie_2026.01.30.15.00.01.zip
Downloading backup to /media/devyn-myers/25F4-4EDE/mealie-backups/mealie_2026.01.30.15.00.01.zip...
✓ Backup saved successfully: /media/devyn-myers/25F4-4EDE/mealie-backups/mealie_2026.01.30.15.00.01.zip (15M)
Cleaning up old backups (keeping last 5)...
Done!
